$ next dev --turbopack
   ▲ Next.js 15.5.6 (Turbopack)
   - Local:        http://localhost:3000
   - Network:      http://169.254.0.21:3000

 ✓ Starting...
Attention: Next.js now collects completely anonymous telemetry regarding usage.
This information is used to shape Next.js' roadmap and prioritize features.
You can learn more, including how to opt-out if you'd not like to participate in this anonymous program, by visiting the following URL:
https://nextjs.org/telemetry

 ✓ Ready in 3.6s
   Reload env: .env
   Reload env: .env.local
   Reload env: .env
 ○ Compiling / ...
 ✓ Compiled / in 5.2s
 ⚠ metadataBase property in metadata export is not set for resolving social open graph or twitter images, using "http://localhost:3000". See https://nextjs.org/docs/app/api-reference/functions/generate-metadata#metadatabase
 GET / 200 in 5952ms
 ○ Compiling /favicon.ico ...
 ✓ Compiled /favicon.ico in 694ms
 GET /favicon.ico 200 in 1039ms
prisma:query SELECT "public"."generations"."id", "public"."generations"."generation_no", "public"."generations"."label", "public"."generations"."color", "public"."generations"."created_at", "public"."generations"."updated_at" FROM "public"."generations" WHERE 1=1 ORDER BY "public"."generations"."generation_no" ASC OFFSET $1
prisma:query SELECT "public"."persons"."id", "public"."persons"."generation_id", "public"."persons"."father_id", "public"."persons"."person_name", "public"."persons"."branch", "public"."persons"."status", "public"."persons"."notes", "public"."persons"."birth_year", "public"."persons"."death_year", "public"."persons"."sort_order", "public"."persons"."created_at", "public"."persons"."updated_at" FROM "public"."persons" WHERE 1=1 ORDER BY "public"."persons"."generation_id" ASC, "public"."persons"."sort_order" ASC, "public"."persons"."person_name" ASC OFFSET $1
prisma:query SELECT "public"."generations"."id", "public"."generations"."generation_no", "public"."generations"."label", "public"."generations"."color", "public"."generations"."created_at", "public"."generations"."updated_at" FROM "public"."generations" WHERE "public"."generations"."id" IN ($1,$2,$3,$4,$5,$6,$7,$8,$9) OFFSET $10
prisma:query SELECT "public"."persons"."id", "public"."persons"."generation_id", "public"."persons"."father_id", "public"."persons"."person_name", "public"."persons"."branch", "public"."persons"."status", "public"."persons"."notes", "public"."persons"."birth_year", "public"."persons"."death_year", "public"."persons"."sort_order", "public"."persons"."created_at", "public"."persons"."updated_at" FROM "public"."persons" WHERE "public"."persons"."id" IN ($1,$2,$3,$4,$5,$6,$7,$8,$9,$10,$11,$12,$13,$14,$15,$16,$17,$18,$19,$20,$21,$22,$23,$24,$25,$26,$27,$28,$29,$30,$31,$32,$33,$34,$35,$36,$37,$38,$39,$40,$41,$42,$43,$44,$45,$46,$47,$48,$49,$50,$51,$52,$53,$54,$55,$56,$57,$58,$59,$60,$61,$62,$63,$64,$65,$66,$67,$68,$69,$70,$71,$72,$73,$74,$75,$76,$77,$78,$79,$80,$81,$82,$83,$84,$85,$86,$87,$88,$89,$90,$91,$92,$93,$94,$95,$96,$97,$98,$99,$100,$101,$102,$103,$104,$105,$106,$107,$108,$109,$110,$111,$112,$113,$114,$115,$116,$117,$118,$119,$120,$121,$122,$123,$124,$125,$126,$127,$128,$129,$130,$131,$132,$133,$134,$135,$136,$137,$138,$139,$140,$141,$142,$143,$144,$145,$146,$147,$148,$149,$150,$151,$152,$153,$154,$155,$156,$157,$158,$159,$160,$161,$162,$163,$164,$165,$166,$167,$168,$169,$170,$171,$172,$173,$174,$175,$176,$177,$178,$179,$180,$181,$182,$183,$184,$185,$186,$187,$188,$189,$190,$191,$192,$193,$194,$195,$196,$197,$198,$199,$200,$201,$202,$203,$204,$205) OFFSET $206
prisma:query SELECT "public"."persons"."id", "public"."persons"."generation_id", "public"."persons"."father_id", "public"."persons"."person_name", "public"."persons"."branch", "public"."persons"."status", "public"."persons"."notes", "public"."persons"."birth_year", "public"."persons"."death_year", "public"."persons"."sort_order", "public"."persons"."created_at", "public"."persons"."updated_at" FROM "public"."persons" WHERE "public"."persons"."father_id" IN ($1,$2,$3,$4,$5,$6,$7,$8,$9,$10,$11,$12,$13,$14,$15,$16,$17,$18,$19,$20,$21,$22,$23,$24,$25,$26,$27,$28,$29,$30,$31,$32,$33,$34,$35,$36,$37,$38,$39,$40,$41,$42,$43,$44,$45,$46,$47,$48,$49,$50,$51,$52,$53,$54,$55,$56,$57,$58,$59,$60,$61,$62,$63,$64,$65,$66,$67,$68,$69,$70,$71,$72,$73,$74,$75,$76,$77,$78,$79,$80,$81,$82,$83,$84,$85,$86,$87,$88,$89,$90,$91,$92,$93,$94,$95,$96,$97,$98,$99,$100,$101,$102,$103,$104,$105,$106,$107,$108,$109,$110,$111,$112,$113,$114,$115,$116,$117,$118,$119,$120,$121,$122,$123,$124,$125,$126,$127,$128,$129,$130,$131,$132,$133,$134,$135,$136,$137,$138,$139,$140,$141,$142,$143,$144,$145,$146,$147,$148,$149,$150,$151,$152,$153,$154,$155,$156,$157,$158,$159,$160,$161,$162,$163,$164,$165,$166,$167,$168,$169,$170,$171,$172,$173,$174,$175,$176,$177,$178,$179,$180,$181,$182,$183,$184,$185,$186,$187,$188,$189,$190,$191,$192,$193,$194,$195,$196,$197,$198,$199,$200,$201,$202,$203,$204,$205,$206,$207,$208,$209,$210,$211,$212,$213,$214,$215,$216,$217,$218,$219,$220,$221,$222,$223,$224,$225,$226,$227,$228,$229,$230,$231,$232,$233,$234,$235,$236,$237,$238,$239,$240,$241,$242,$243,$244,$245,$246,$247,$248,$249,$250,$251,$252,$253,$254,$255,$256,$257,$258,$259,$260,$261,$262,$263,$264,$265,$266,$267,$268,$269,$270,$271,$272,$273,$274,$275,$276,$277,$278,$279,$280,$281,$282,$283,$284,$285,$286,$287,$288,$289,$290,$291,$292,$293,$294,$295,$296,$297,$298,$299,$300,$301,$302,$303,$304,$305,$306,$307,$308,$309,$310,$311,$312,$313,$314,$315,$316,$317,$318,$319,$320,$321,$322,$323,$324,$325,$326,$327,$328,$329,$330,$331,$332,$333,$334,$335,$336,$337,$338,$339,$340,$341,$342,$343,$344,$345,$346,$347,$348,$349,$350,$351,$352,$353,$354,$355,$356,$357,$358,$359,$360,$361,$362,$363,$364,$365,$366,$367,$368,$369,$370,$371,$372,$373,$374,$375,$376,$377,$378,$379,$380,$381,$382,$383,$384,$385,$386,$387,$388,$389,$390,$391,$392,$393,$394,$395,$396,$397,$398,$399,$400,$401) OFFSET $402
Error fetching family tree: TypeError: Do not know how to serialize a BigInt
    at JSON.stringify (<anonymous>)
    at GET (app/api/family-tree/route.ts:61:25)
  59 |       .filter(Boolean)
  60 |
> 61 |     return NextResponse.json(
     |                         ^
  62 |       {
  63 |         success: true,
  64 |         data: {
 GET /api/family-tree 500 in 4752ms
 GET / 200 in 192ms
 GET /favicon.ico 200 in 498ms
prisma:query SELECT 1
prisma:query SELECT "public"."generations"."id", "public"."generations"."generation_no", "public"."generations"."label", "public"."generations"."color", "public"."generations"."created_at", "public"."generations"."updated_at" FROM "public"."generations" WHERE 1=1 ORDER BY "public"."generations"."generation_no" ASC OFFSET $1
prisma:query SELECT "public"."persons"."id", "public"."persons"."generation_id", "public"."persons"."father_id", "public"."persons"."person_name", "public"."persons"."branch", "public"."persons"."status", "public"."persons"."notes", "public"."persons"."birth_year", "public"."persons"."death_year", "public"."persons"."sort_order", "public"."persons"."created_at", "public"."persons"."updated_at" FROM "public"."persons" WHERE 1=1 ORDER BY "public"."persons"."generation_id" ASC, "public"."persons"."sort_order" ASC, "public"."persons"."person_name" ASC OFFSET $1
prisma:query SELECT "public"."generations"."id", "public"."generations"."generation_no", "public"."generations"."label", "public"."generations"."color", "public"."generations"."created_at", "public"."generations"."updated_at" FROM "public"."generations" WHERE "public"."generations"."id" IN ($1,$2,$3,$4,$5,$6,$7,$8,$9) OFFSET $10
prisma:query SELECT "public"."persons"."id", "public"."persons"."generation_id", "public"."persons"."father_id", "public"."persons"."person_name", "public"."persons"."branch", "public"."persons"."status", "public"."persons"."notes", "public"."persons"."birth_year", "public"."persons"."death_year", "public"."persons"."sort_order", "public"."persons"."created_at", "public"."persons"."updated_at" FROM "public"."persons" WHERE "public"."persons"."id" IN ($1,$2,$3,$4,$5,$6,$7,$8,$9,$10,$11,$12,$13,$14,$15,$16,$17,$18,$19,$20,$21,$22,$23,$24,$25,$26,$27,$28,$29,$30,$31,$32,$33,$34,$35,$36,$37,$38,$39,$40,$41,$42,$43,$44,$45,$46,$47,$48,$49,$50,$51,$52,$53,$54,$55,$56,$57,$58,$59,$60,$61,$62,$63,$64,$65,$66,$67,$68,$69,$70,$71,$72,$73,$74,$75,$76,$77,$78,$79,$80,$81,$82,$83,$84,$85,$86,$87,$88,$89,$90,$91,$92,$93,$94,$95,$96,$97,$98,$99,$100,$101,$102,$103,$104,$105,$106,$107,$108,$109,$110,$111,$112,$113,$114,$115,$116,$117,$118,$119,$120,$121,$122,$123,$124,$125,$126,$127,$128,$129,$130,$131,$132,$133,$134,$135,$136,$137,$138,$139,$140,$141,$142,$143,$144,$145,$146,$147,$148,$149,$150,$151,$152,$153,$154,$155,$156,$157,$158,$159,$160,$161,$162,$163,$164,$165,$166,$167,$168,$169,$170,$171,$172,$173,$174,$175,$176,$177,$178,$179,$180,$181,$182,$183,$184,$185,$186,$187,$188,$189,$190,$191,$192,$193,$194,$195,$196,$197,$198,$199,$200,$201,$202,$203,$204,$205) OFFSET $206
prisma:query SELECT "public"."persons"."id", "public"."persons"."generation_id", "public"."persons"."father_id", "public"."persons"."person_name", "public"."persons"."branch", "public"."persons"."status", "public"."persons"."notes", "public"."persons"."birth_year", "public"."persons"."death_year", "public"."persons"."sort_order", "public"."persons"."created_at", "public"."persons"."updated_at" FROM "public"."persons" WHERE "public"."persons"."father_id" IN ($1,$2,$3,$4,$5,$6,$7,$8,$9,$10,$11,$12,$13,$14,$15,$16,$17,$18,$19,$20,$21,$22,$23,$24,$25,$26,$27,$28,$29,$30,$31,$32,$33,$34,$35,$36,$37,$38,$39,$40,$41,$42,$43,$44,$45,$46,$47,$48,$49,$50,$51,$52,$53,$54,$55,$56,$57,$58,$59,$60,$61,$62,$63,$64,$65,$66,$67,$68,$69,$70,$71,$72,$73,$74,$75,$76,$77,$78,$79,$80,$81,$82,$83,$84,$85,$86,$87,$88,$89,$90,$91,$92,$93,$94,$95,$96,$97,$98,$99,$100,$101,$102,$103,$104,$105,$106,$107,$108,$109,$110,$111,$112,$113,$114,$115,$116,$117,$118,$119,$120,$121,$122,$123,$124,$125,$126,$127,$128,$129,$130,$131,$132,$133,$134,$135,$136,$137,$138,$139,$140,$141,$142,$143,$144,$145,$146,$147,$148,$149,$150,$151,$152,$153,$154,$155,$156,$157,$158,$159,$160,$161,$162,$163,$164,$165,$166,$167,$168,$169,$170,$171,$172,$173,$174,$175,$176,$177,$178,$179,$180,$181,$182,$183,$184,$185,$186,$187,$188,$189,$190,$191,$192,$193,$194,$195,$196,$197,$198,$199,$200,$201,$202,$203,$204,$205,$206,$207,$208,$209,$210,$211,$212,$213,$214,$215,$216,$217,$218,$219,$220,$221,$222,$223,$224,$225,$226,$227,$228,$229,$230,$231,$232,$233,$234,$235,$236,$237,$238,$239,$240,$241,$242,$243,$244,$245,$246,$247,$248,$249,$250,$251,$252,$253,$254,$255,$256,$257,$258,$259,$260,$261,$262,$263,$264,$265,$266,$267,$268,$269,$270,$271,$272,$273,$274,$275,$276,$277,$278,$279,$280,$281,$282,$283,$284,$285,$286,$287,$288,$289,$290,$291,$292,$293,$294,$295,$296,$297,$298,$299,$300,$301,$302,$303,$304,$305,$306,$307,$308,$309,$310,$311,$312,$313,$314,$315,$316,$317,$318,$319,$320,$321,$322,$323,$324,$325,$326,$327,$328,$329,$330,$331,$332,$333,$334,$335,$336,$337,$338,$339,$340,$341,$342,$343,$344,$345,$346,$347,$348,$349,$350,$351,$352,$353,$354,$355,$356,$357,$358,$359,$360,$361,$362,$363,$364,$365,$366,$367,$368,$369,$370,$371,$372,$373,$374,$375,$376,$377,$378,$379,$380,$381,$382,$383,$384,$385,$386,$387,$388,$389,$390,$391,$392,$393,$394,$395,$396,$397,$398,$399,$400,$401) OFFSET $402
 GET /api/family-tree 200 in 2259ms
